// Jest Snapshot v1, https://goo.gl/fbAQLP

exports[`Haciendo pruebas en el GifItem haciendo match con el snapshot 1`] = `
<div>
  <div
    class="card"
  >
    <img
      alt="Residente del Mal"
      src="https://residente.evil.com/RE.jpg"
    />
    <p>
      Residente del Mal
    </p>
  </div>
</div>
`;
